
****** Vitis HLS - High-Level Synthesis from C, C++ and OpenCL v2023.2 (64-bit)
  **** SW Build 4023990 on Oct 11 2023
  **** IP Build 4028589 on Sat Oct 14 00:45:43 MDT 2023
  **** SharedData Build 4025554 on Tue Oct 10 17:18:54 MDT 2023
    ** Copyright 1986-2022 Xilinx, Inc. All Rights Reserved.
    ** Copyright 2022-2023 Advanced Micro Devices, Inc. All Rights Reserved.

source /tools/Xilinx/Vitis_HLS/2023.2/scripts/vitis_hls/hls.tcl -notrace
INFO: [HLS 200-10] Running '/tools/Xilinx/Vitis_HLS/2023.2/bin/unwrapped/lnx64.o/vitis_hls'
INFO: [HLS 200-10] For user 'roberto' on host '0fd40661b96c' (Linux_x86_64 version 6.8.0-136-generic) on Wed Jul 29 06:51:13 +0000 2026
INFO: [HLS 200-10] In directory '/workspace/STE4FIFO/ResNet8/STE'
INFO: [HLS 200-2053] The vitis_hls executable is being deprecated. Consider using vitis-run --mode hls --tcl
Sourcing Tcl script 'run_ste.tcl'
INFO: [HLS 200-1510] Running: open_project -reset hls_proj_ste 
INFO: [HLS 200-10] Opening and resetting project '/workspace/STE4FIFO/ResNet8/STE/hls_proj_ste'.
INFO: [HLS 200-1510] Running: open_solution -reset solution0 
INFO: [HLS 200-10] Creating and opening solution '/workspace/STE4FIFO/ResNet8/STE/hls_proj_ste/solution0'.
INFO: [HLS 200-10] Cleaning up the solution database.
INFO: [HLS 200-1505] Using default flow_target 'vivado'
Resolution: For help on HLS 200-1505 see docs.xilinx.com/access/sources/dita/topic?Doc_Version=2023.2%20English&url=ug1448-hls-guidance&resourceid=200-1505.html
INFO: [HLS 200-1510] Running: add_files STE_from_kernel_original.cpp -cflags -O2 -I../../nn2FPGA/include 
INFO: [HLS 200-10] Adding design file 'STE_from_kernel_original.cpp' to the project
INFO: [HLS 200-1510] Running: add_files -tb testbench.cpp -cflags -I../../nn2FPGA/include 
INFO: [HLS 200-10] Adding test bench file 'testbench.cpp' to the project
INFO: [HLS 200-1510] Running: set_top resnet8 
INFO: [HLS 200-1510] Running: set_part xck26-sfvc784-2LV-c 
INFO: [HLS 200-1611] Setting target device to 'xck26-sfvc784-2LV-c'
INFO: [HLS 200-1510] Running: create_clock -period 5.00ns 
INFO: [SYN 201-201] Setting up clock 'default' with a period of 5ns.
INFO: [HLS 200-1510] Running: csim_design -O 
INFO: [SIM 211-2] *************** CSIM start ***************
INFO: [SIM 211-4] CSIM will launch GCC as the compiler.
INFO: [HLS 200-2036] Building optimized C Simulation binaries
   Compiling ../../../../testbench.cpp in release mode
   Compiling ../../../../STE_from_kernel_original.cpp in release mode
   Generating csim.exe
WARNING [HLS SIM]: hls::stream 'hls::stream<std::array<ap_uint<8>, 2ul>, 0>338' contains leftover data, which may result in RTL simulation hanging.
WARNING [HLS SIM]: hls::stream 'hls::stream<std::array<ap_uint<8>, 2ul>, 0>337' contains leftover data, which may result in RTL simulation hanging.
WARNING [HLS SIM]: hls::stream 'hls::stream<std::array<ap_uint<8>, 2ul>, 0>336' contains leftover data, which may result in RTL simulation hanging.
WARNING [HLS SIM]: hls::stream 'hls::stream<std::array<ap_uint<8>, 2ul>, 0>335' contains leftover data, which may result in RTL simulation hanging.
WARNING [HLS SIM]: hls::stream 'hls::stream<std::array<ap_uint<8>, 2ul>, 0>334' contains leftover data, which may result in RTL simulation hanging.
WARNING [HLS SIM]: hls::stream 'hls::stream<std::array<ap_uint<8>, 2ul>, 0>333' contains leftover data, which may result in RTL simulation hanging.
WARNING [HLS SIM]: hls::stream 'hls::stream<std::array<ap_uint<8>, 2ul>, 0>332' contains leftover data, which may result in RTL simulation hanging.
WARNING [HLS SIM]: hls::stream 'hls::stream<std::array<ap_uint<8>, 2ul>, 0>331' contains leftover data, which may result in RTL simulation hanging.
WARNING [HLS SIM]: hls::stream 'hls::stream<std::array<ap_uint<8>, 2ul>, 0>330' contains leftover data, which may result in RTL simulation hanging.
WARNING [HLS SIM]: hls::stream 'hls::stream<std::array<ap_uint<8>, 2ul>, 0>329' contains leftover data, which may result in RTL simulation hanging.
WARNING [HLS SIM]: hls::stream 'hls::stream<std::array<ap_uint<8>, 2ul>, 0>328' contains leftover data, which may result in RTL simulation hanging.
WARNING [HLS SIM]: hls::stream 'hls::stream<std::array<ap_uint<8>, 2ul>, 0>327' contains leftover data, which may result in RTL simulation hanging.
WARNING [HLS SIM]: hls::stream 'hls::stream<std::array<ap_uint<8>, 2ul>, 0>326' contains leftover data, which may result in RTL simulation hanging.
WARNING [HLS SIM]: hls::stream 'hls::stream<std::array<ap_uint<8>, 2ul>, 0>325' contains leftover data, which may result in RTL simulation hanging.
WARNING [HLS SIM]: hls::stream 'hls::stream<std::array<ap_uint<8>, 2ul>, 0>324' contains leftover data, which may result in RTL simulation hanging.
WARNING [HLS SIM]: hls::stream 'hls::stream<std::array<ap_uint<8>, 2ul>, 0>323' contains leftover data, which may result in RTL simulation hanging.
WARNING [HLS SIM]: hls::stream 'hls::stream<std::array<ap_uint<8>, 2ul>, 0>322' contains leftover data, which may result in RTL simulation hanging.
WARNING [HLS SIM]: hls::stream 'hls::stream<std::array<ap_uint<8>, 2ul>, 0>321' contains leftover data, which may result in RTL simulation hanging.
WARNING [HLS SIM]: hls::stream 'hls::stream<std::array<ap_uint<8>, 2ul>, 0>320' contains leftover data, which may result in RTL simulation hanging.
WARNING [HLS SIM]: hls::stream 'hls::stream<std::array<ap_uint<8>, 2ul>, 0>319' contains leftover data, which may result in RTL simulation hanging.
WARNING [HLS SIM]: hls::stream 'hls::stream<std::array<ap_uint<8>, 2ul>, 0>318' contains leftover data, which may result in RTL simulation hanging.
WARNING [HLS SIM]: hls::stream 'hls::stream<std::array<ap_uint<8>, 2ul>, 0>317' contains leftover data, which may result in RTL simulation hanging.
WARNING [HLS SIM]: hls::stream 'hls::stream<std::array<ap_uint<8>, 2ul>, 0>316' contains leftover data, which may result in RTL simulation hanging.
WARNING [HLS SIM]: hls::stream 'hls::stream<std::array<ap_uint<8>, 2ul>, 0>315' contains leftover data, which may result in RTL simulation hanging.
WARNING [HLS SIM]: hls::stream 'hls::stream<std::array<ap_uint<8>, 2ul>, 0>314' contains leftover data, which may result in RTL simulation hanging.
WARNING [HLS SIM]: hls::stream 'hls::stream<std::array<ap_uint<8>, 2ul>, 0>313' contains leftover data, which may result in RTL simulation hanging.
WARNING [HLS SIM]: hls::stream 'hls::stream<std::array<ap_uint<8>, 2ul>, 0>312' contains leftover data, which may result in RTL simulation hanging.
WARNING [HLS SIM]: hls::stream 'hls::stream<std::array<ap_uint<8>, 2ul>, 0>311' contains leftover data, which may result in RTL simulation hanging.
WARNING [HLS SIM]: hls::stream 'hls::stream<std::array<ap_uint<8>, 2ul>, 0>310' contains leftover data, which may result in RTL simulation hanging.
WARNING [HLS SIM]: hls::stream 'hls::stream<std::array<ap_uint<8>, 2ul>, 0>309' contains leftover data, which may result in RTL simulation hanging.
WARNING [HLS SIM]: hls::stream 'hls::stream<std::array<ap_uint<8>, 2ul>, 0>308' contains leftover data, which may result in RTL simulation hanging.
WARNING [HLS SIM]: hls::stream 'hls::stream<std::array<ap_uint<8>, 2ul>, 0>307' contains leftover data, which may result in RTL simulation hanging.
WARNING [HLS SIM]: hls::stream 'hls::stream<std::array<ap_uint<8>, 2ul>, 0>306' contains leftover data, which may result in RTL simulation hanging.
WARNING [HLS SIM]: hls::stream 'hls::stream<std::array<ap_uint<8>, 2ul>, 0>305' contains leftover data, which may result in RTL simulation hanging.
WARNING [HLS SIM]: hls::stream 'hls::stream<std::array<ap_uint<8>, 2ul>, 0>304' contains leftover data, which may result in RTL simulation hanging.
WARNING [HLS SIM]: hls::stream 'hls::stream<std::array<ap_uint<8>, 2ul>, 0>303' contains leftover data, which may result in RTL simulation hanging.
WARNING [HLS SIM]: hls::stream 'hls::stream<std::array<ap_uint<8>, 2ul>, 0>302' contains leftover data, which may result in RTL simulation hanging.
WARNING [HLS SIM]: hls::stream 'hls::stream<std::array<ap_uint<8>, 2ul>, 0>301' contains leftover data, which may result in RTL simulation hanging.
WARNING [HLS SIM]: hls::stream 'hls::stream<std::array<ap_uint<8>, 2ul>, 0>300' contains leftover data, which may result in RTL simulation hanging.
WARNING [HLS SIM]: hls::stream 'hls::stream<std::array<ap_uint<8>, 2ul>, 0>299' contains leftover data, which may result in RTL simulation hanging.
WARNING [HLS SIM]: hls::stream 'hls::stream<std::array<ap_uint<8>, 2ul>, 0>298' contains leftover data, which may result in RTL simulation hanging.
WARNING [HLS SIM]: hls::stream 'hls::stream<std::array<ap_uint<8>, 2ul>, 0>297' contains leftover data, which may result in RTL simulation hanging.
WARNING [HLS SIM]: hls::stream 'hls::stream<std::array<ap_uint<8>, 2ul>, 0>296' contains leftover data, which may result in RTL simulation hanging.
WARNING [HLS SIM]: hls::stream 'hls::stream<std::array<ap_uint<8>, 2ul>, 0>295' contains leftover data, which may result in RTL simulation hanging.
WARNING [HLS SIM]: hls::stream 'hls::stream<std::array<ap_uint<8>, 2ul>, 0>294' contains leftover data, which may result in RTL simulation hanging.
WARNING [HLS SIM]: hls::stream 'hls::stream<std::array<ap_uint<8>, 2ul>, 0>293' contains leftover data, which may result in RTL simulation hanging.
WARNING [HLS SIM]: hls::stream 'hls::stream<std::array<ap_uint<8>, 2ul>, 0>292' contains leftover data, which may result in RTL simulation hanging.
WARNING [HLS SIM]: hls::stream 'hls::stream<std::array<ap_uint<8>, 2ul>, 0>291' contains leftover data, which may result in RTL simulation hanging.
WARNING [HLS SIM]: hls::stream 'hls::stream<std::array<ap_uint<8>, 2ul>, 0>290' contains leftover data, which may result in RTL simulation hanging.
WARNING [HLS SIM]: hls::stream 'hls::stream<std::array<ap_uint<8>, 2ul>, 0>289' contains leftover data, which may result in RTL simulation hanging.
WARNING [HLS SIM]: hls::stream 'hls::stream<std::array<ap_uint<8>, 2ul>, 0>288' contains leftover data, which may result in RTL simulation hanging.
WARNING [HLS SIM]: hls::stream 'hls::stream<std::array<ap_uint<8>, 2ul>, 0>287' contains leftover data, which may result in RTL simulation hanging.
WARNING [HLS SIM]: hls::stream 'hls::stream<std::array<ap_uint<8>, 2ul>, 0>286' contains leftover data, which may result in RTL simulation hanging.
WARNING [HLS SIM]: hls::stream 'hls::stream<std::array<ap_uint<8>, 2ul>, 0>285' contains leftover data, which may result in RTL simulation hanging.
WARNING [HLS SIM]: hls::stream 'hls::stream<std::array<ap_uint<8>, 2ul>, 0>284' contains leftover data, which may result in RTL simulation hanging.
WARNING [HLS SIM]: hls::stream 'hls::stream<std::array<ap_uint<8>, 2ul>, 0>283' contains leftover data, which may result in RTL simulation hanging.
WARNING [HLS SIM]: hls::stream 'hls::stream<std::array<ap_uint<8>, 2ul>, 0>282' contains leftover data, which may result in RTL simulation hanging.
WARNING [HLS SIM]: hls::stream 'hls::stream<std::array<ap_uint<8>, 2ul>, 0>281' contains leftover data, which may result in RTL simulation hanging.
WARNING [HLS SIM]: hls::stream 'hls::stream<std::array<ap_uint<8>, 2ul>, 0>280' contains leftover data, which may result in RTL simulation hanging.
WARNING [HLS SIM]: hls::stream 'hls::stream<std::array<ap_uint<8>, 2ul>, 0>279' contains leftover data, which may result in RTL simulation hanging.
WARNING [HLS SIM]: hls::stream 'hls::stream<std::array<ap_uint<8>, 2ul>, 0>278' contains leftover data, which may result in RTL simulation hanging.
WARNING [HLS SIM]: hls::stream 'hls::stream<std::array<ap_uint<8>, 2ul>, 0>277' contains leftover data, which may result in RTL simulation hanging.
WARNING [HLS SIM]: hls::stream 'hls::stream<std::array<ap_uint<8>, 2ul>, 0>276' contains leftover data, which may result in RTL simulation hanging.
WARNING [HLS SIM]: hls::stream 'hls::stream<std::array<ap_uint<8>, 2ul>, 0>275' contains leftover data, which may result in RTL simulation hanging.
WARNING [HLS SIM]: hls::stream 'hls::stream<std::array<ap_uint<8>, 2ul>, 0>274' contains leftover data, which may result in RTL simulation hanging.
WARNING [HLS SIM]: hls::stream 'hls::stream<std::array<ap_uint<8>, 2ul>, 0>273' contains leftover data, which may result in RTL simulation hanging.
WARNING [HLS SIM]: hls::stream 'hls::stream<std::array<ap_uint<8>, 2ul>, 0>272' contains leftover data, which may result in RTL simulation hanging.
WARNING [HLS SIM]: hls::stream 'hls::stream<std::array<ap_uint<8>, 2ul>, 0>271' contains leftover data, which may result in RTL simulation hanging.
WARNING [HLS SIM]: hls::stream 'hls::stream<std::array<ap_uint<8>, 2ul>, 0>270' contains leftover data, which may result in RTL simulation hanging.
WARNING [HLS SIM]: hls::stream 'hls::stream<std::array<ap_uint<8>, 2ul>, 0>269' contains leftover data, which may result in RTL simulation hanging.
WARNING [HLS SIM]: hls::stream 'hls::stream<std::array<ap_uint<8>, 2ul>, 0>268' contains leftover data, which may result in RTL simulation hanging.
WARNING [HLS SIM]: hls::stream 'hls::stream<std::array<ap_uint<8>, 2ul>, 0>267' contains leftover data, which may result in RTL simulation hanging.
WARNING [HLS SIM]: hls::stream 'hls::stream<std::array<ap_uint<8>, 2ul>, 0>266' contains leftover data, which may result in RTL simulation hanging.
WARNING [HLS SIM]: hls::stream 'hls::stream<std::array<ap_uint<8>, 2ul>, 0>265' contains leftover data, which may result in RTL simulation hanging.
WARNING [HLS SIM]: hls::stream 'hls::stream<std::array<ap_uint<8>, 2ul>, 0>264' contains leftover data, which may result in RTL simulation hanging.
WARNING [HLS SIM]: hls::stream 'hls::stream<std::array<ap_uint<8>, 2ul>, 0>263' contains leftover data, which may result in RTL simulation hanging.
WARNING [HLS SIM]: hls::stream 'hls::stream<std::array<ap_uint<8>, 2ul>, 0>262' contains leftover data, which may result in RTL simulation hanging.
WARNING [HLS SIM]: hls::stream 'hls::stream<std::array<ap_uint<8>, 2ul>, 0>261' contains leftover data, which may result in RTL simulation hanging.
WARNING [HLS SIM]: hls::stream 'hls::stream<std::array<ap_uint<8>, 2ul>, 0>260' contains leftover data, which may result in RTL simulation hanging.
WARNING [HLS SIM]: hls::stream 'hls::stream<std::array<ap_uint<8>, 2ul>, 0>259' contains leftover data, which may result in RTL simulation hanging.
WARNING [HLS SIM]: hls::stream 'hls::stream<std::array<ap_uint<8>, 2ul>, 0>258' contains leftover data, which may result in RTL simulation hanging.
WARNING [HLS SIM]: hls::stream 'hls::stream<std::array<ap_uint<8>, 2ul>, 0>257' contains leftover data, which may result in RTL simulation hanging.
WARNING [HLS SIM]: hls::stream 'hls::stream<std::array<ap_uint<8>, 2ul>, 0>256' contains leftover data, which may result in RTL simulation hanging.
WARNING [HLS SIM]: hls::stream 'hls::stream<std::array<ap_uint<8>, 2ul>, 0>255' contains leftover data, which may result in RTL simulation hanging.
WARNING [HLS SIM]: hls::stream 'hls::stream<std::array<ap_uint<8>, 2ul>, 0>254' contains leftover data, which may result in RTL simulation hanging.
WARNING [HLS SIM]: hls::stream 'hls::stream<std::array<ap_uint<8>, 2ul>, 0>253' contains leftover data, which may result in RTL simulation hanging.
WARNING [HLS SIM]: hls::stream 'hls::stream<std::array<ap_uint<8>, 2ul>, 0>252' contains leftover data, which may result in RTL simulation hanging.
WARNING [HLS SIM]: hls::stream 'hls::stream<std::array<ap_uint<8>, 2ul>, 0>251' contains leftover data, which may result in RTL simulation hanging.
WARNING [HLS SIM]: hls::stream 'hls::stream<std::array<ap_uint<8>, 2ul>, 0>250' contains leftover data, which may result in RTL simulation hanging.
WARNING [HLS SIM]: hls::stream 'hls::stream<std::array<ap_uint<8>, 2ul>, 0>249' contains leftover data, which may result in RTL simulation hanging.
WARNING [HLS SIM]: hls::stream 'hls::stream<std::array<ap_uint<8>, 2ul>, 0>248' contains leftover data, which may result in RTL simulation hanging.
WARNING [HLS SIM]: hls::stream 'hls::stream<std::array<ap_uint<8>, 2ul>, 0>247' contains leftover data, which may result in RTL simulation hanging.
WARNING [HLS SIM]: hls::stream 'hls::stream<std::array<ap_uint<8>, 2ul>, 0>246' contains leftover data, which may result in RTL simulation hanging.
WARNING [HLS SIM]: hls::stream 'hls::stream<std::array<ap_uint<8>, 2ul>, 0>245' contains leftover data, which may result in RTL simulation hanging.
WARNING [HLS SIM]: hls::stream 'hls::stream<std::array<ap_uint<8>, 2ul>, 0>244' contains leftover data, which may result in RTL simulation hanging.
WARNING [HLS SIM]: hls::stream 'hls::stream<std::array<ap_uint<8>, 2ul>, 0>243' contains leftover data, which may result in RTL simulation hanging.
WARNING [HLS SIM]: hls::stream 'hls::stream<std::array<ap_uint<8>, 2ul>, 0>242' contains leftover data, which may result in RTL simulation hanging.
WARNING [HLS SIM]: hls::stream 'hls::stream<std::array<ap_uint<8>, 2ul>, 0>241' contains leftover data, which may result in RTL simulation hanging.
WARNING [HLS SIM]: hls::stream 'hls::stream<std::array<ap_uint<8>, 2ul>, 0>240' contains leftover data, which may result in RTL simulation hanging.
WARNING [HLS SIM]: hls::stream 'hls::stream<std::array<ap_uint<8>, 2ul>, 0>239' contains leftover data, which may result in RTL simulation hanging.
WARNING [HLS SIM]: hls::stream 'hls::stream<std::array<ap_uint<8>, 2ul>, 0>238' contains leftover data, which may result in RTL simulation hanging.
WARNING [HLS SIM]: hls::stream 'hls::stream<std::array<ap_uint<8>, 2ul>, 0>237' contains leftover data, which may result in RTL simulation hanging.
WARNING [HLS SIM]: hls::stream 'hls::stream<std::array<ap_uint<8>, 2ul>, 0>236' contains leftover data, which may result in RTL simulation hanging.
WARNING [HLS SIM]: hls::stream 'hls::stream<std::array<ap_uint<8>, 2ul>, 0>235' contains leftover data, which may result in RTL simulation hanging.
WARNING [HLS SIM]: hls::stream 'hls::stream<std::array<ap_uint<8>, 2ul>, 0>234' contains leftover data, which may result in RTL simulation hanging.
WARNING [HLS SIM]: hls::stream 'hls::stream<std::array<ap_uint<8>, 2ul>, 0>233' contains leftover data, which may result in RTL simulation hanging.
WARNING [HLS SIM]: hls::stream 'hls::stream<std::array<ap_uint<8>, 2ul>, 0>232' contains leftover data, which may result in RTL simulation hanging.
WARNING [HLS SIM]: hls::stream 'hls::stream<std::array<ap_uint<8>, 2ul>, 0>231' contains leftover data, which may result in RTL simulation hanging.
WARNING [HLS SIM]: hls::stream 'hls::stream<std::array<ap_uint<8>, 2ul>, 0>230' contains leftover data, which may result in RTL simulation hanging.
WARNING [HLS SIM]: hls::stream 'hls::stream<std::array<ap_uint<8>, 2ul>, 0>229' contains leftover data, which may result in RTL simulation hanging.
WARNING [HLS SIM]: hls::stream 'hls::stream<std::array<ap_uint<8>, 2ul>, 0>211' contains leftover data, which may result in RTL simulation hanging.
WARNING [HLS SIM]: hls::stream 'hls::stream<std::array<ap_uint<8>, 2ul>, 0>210' contains leftover data, which may result in RTL simulation hanging.
WARNING [HLS SIM]: hls::stream 'hls::stream<std::array<ap_int<16>, 2ul>, 0>6' contains leftover data, which may result in RTL simulation hanging.
WARNING [HLS SIM]: hls::stream 'hls::stream<std::array<ap_int<8>, 4ul>, 0>46' contains leftover data, which may result in RTL simulation hanging.
WARNING [HLS SIM]: hls::stream 'hls::stream<std::array<ap_uint<8>, 2ul>, 0>202' contains leftover data, which may result in RTL simulation hanging.
WARNING [HLS SIM]: hls::stream 'hls::stream<std::array<ap_uint<8>, 2ul>, 0>201' contains leftover data, which may result in RTL simulation hanging.
WARNING [HLS SIM]: hls::stream 'hls::stream<std::array<ap_uint<8>, 2ul>, 0>200' contains leftover data, which may result in RTL simulation hanging.
WARNING [HLS SIM]: hls::stream 'hls::stream<std::array<ap_uint<8>, 2ul>, 0>199' contains leftover data, which may result in RTL simulation hanging.
WARNING [HLS SIM]: hls::stream 'hls::stream<std::array<ap_uint<8>, 2ul>, 0>198' contains leftover data, which may result in RTL simulation hanging.
WARNING [HLS SIM]: hls::stream 'hls::stream<std::array<ap_uint<8>, 2ul>, 0>197' contains leftover data, which may result in RTL simulation hanging.
WARNING [HLS SIM]: hls::stream 'hls::stream<std::array<ap_uint<8>, 2ul>, 0>196' contains leftover data, which may result in RTL simulation hanging.
WARNING [HLS SIM]: hls::stream 'hls::stream<std::array<ap_uint<8>, 2ul>, 0>195' contains leftover data, which may result in RTL simulation hanging.
WARNING [HLS SIM]: hls::stream 'hls::stream<std::array<ap_uint<8>, 2ul>, 0>194' contains leftover data, which may result in RTL simulation hanging.
WARNING [HLS SIM]: hls::stream 'hls::stream<std::array<ap_uint<8>, 2ul>, 0>193' contains leftover data, which may result in RTL simulation hanging.
WARNING [HLS SIM]: hls::stream 'hls::stream<std::array<ap_uint<8>, 2ul>, 0>192' contains leftover data, which may result in RTL simulation hanging.
WARNING [HLS SIM]: hls::stream 'hls::stream<std::array<ap_uint<8>, 2ul>, 0>191' contains leftover data, which may result in RTL simulation hanging.
WARNING [HLS SIM]: hls::stream 'hls::stream<std::array<ap_uint<8>, 2ul>, 0>190' contains leftover data, which may result in RTL simulation hanging.
WARNING [HLS SIM]: hls::stream 'hls::stream<std::array<ap_uint<8>, 2ul>, 0>189' contains leftover data, which may result in RTL simulation hanging.
WARNING [HLS SIM]: hls::stream 'hls::stream<std::array<ap_uint<8>, 2ul>, 0>188' contains leftover data, which may result in RTL simulation hanging.
WARNING [HLS SIM]: hls::stream 'hls::stream<std::array<ap_uint<8>, 2ul>, 0>187' contains leftover data, which may result in RTL simulation hanging.
WARNING [HLS SIM]: hls::stream 'hls::stream<std::array<ap_uint<8>, 2ul>, 0>186' contains leftover data, which may result in RTL simulation hanging.
WARNING [HLS SIM]: hls::stream 'hls::stream<std::array<ap_uint<8>, 2ul>, 0>185' contains leftover data, which may result in RTL simulation hanging.
WARNING [HLS SIM]: hls::stream 'hls::stream<std::array<ap_uint<8>, 2ul>, 0>184' contains leftover data, which may result in RTL simulation hanging.
WARNING [HLS SIM]: hls::stream 'hls::stream<std::array<ap_uint<8>, 2ul>, 0>183' contains leftover data, which may result in RTL simulation hanging.
WARNING [HLS SIM]: hls::stream 'hls::stream<std::array<ap_uint<8>, 2ul>, 0>181' contains leftover data, which may result in RTL simulation hanging.
WARNING [HLS SIM]: hls::stream 'hls::stream<std::array<ap_uint<8>, 2ul>, 0>179' contains leftover data, which may result in RTL simulation hanging.
WARNING [HLS SIM]: hls::stream 'hls::stream<std::array<ap_uint<8>, 2ul>, 0>178' contains leftover data, which may result in RTL simulation hanging.
WARNING [HLS SIM]: hls::stream 'hls::stream<std::array<ap_uint<8>, 2ul>, 0>177' contains leftover data, which may result in RTL simulation hanging.
WARNING [HLS SIM]: hls::stream 'hls::stream<std::array<ap_uint<8>, 2ul>, 0>176' contains leftover data, which may result in RTL simulation hanging.
WARNING [HLS SIM]: hls::stream 'hls::stream<std::array<ap_uint<8>, 2ul>, 0>175' contains leftover data, which may result in RTL simulation hanging.
WARNING [HLS SIM]: hls::stream 'hls::stream<std::array<ap_uint<8>, 2ul>, 0>174' contains leftover data, which may result in RTL simulation hanging.
WARNING [HLS SIM]: hls::stream 'hls::stream<std::array<ap_uint<8>, 2ul>, 0>173' contains leftover data, which may result in RTL simulation hanging.
WARNING [HLS SIM]: hls::stream 'hls::stream<std::array<ap_uint<8>, 2ul>, 0>172' contains leftover data, which may result in RTL simulation hanging.
WARNING [HLS SIM]: hls::stream 'hls::stream<std::array<ap_uint<8>, 2ul>, 0>171' contains leftover data, which may result in RTL simulation hanging.
WARNING [HLS SIM]: hls::stream 'hls::stream<std::array<ap_uint<8>, 2ul>, 0>170' contains leftover data, which may result in RTL simulation hanging.
WARNING [HLS SIM]: hls::stream 'hls::stream<std::array<ap_uint<8>, 2ul>, 0>169' contains leftover data, which may result in RTL simulation hanging.
WARNING [HLS SIM]: hls::stream 'hls::stream<std::array<ap_uint<8>, 2ul>, 0>168' contains leftover data, which may result in RTL simulation hanging.
WARNING [HLS SIM]: hls::stream 'hls::stream<std::array<ap_uint<8>, 2ul>, 0>167' contains leftover data, which may result in RTL simulation hanging.
WARNING [HLS SIM]: hls::stream 'hls::stream<std::array<ap_uint<8>, 2ul>, 0>166' contains leftover data, which may result in RTL simulation hanging.
WARNING [HLS SIM]: hls::stream 'hls::stream<std::array<ap_uint<8>, 2ul>, 0>165' contains leftover data, which may result in RTL simulation hanging.
WARNING [HLS SIM]: hls::stream 'hls::stream<std::array<ap_uint<8>, 2ul>, 0>164' contains leftover data, which may result in RTL simulation hanging.
WARNING [HLS SIM]: hls::stream 'hls::stream<std::array<ap_uint<8>, 2ul>, 0>163' contains leftover data, which may result in RTL simulation hanging.
WARNING [HLS SIM]: hls::stream 'hls::stream<std::array<ap_uint<8>, 2ul>, 0>162' contains leftover data, which may result in RTL simulation hanging.
WARNING [HLS SIM]: hls::stream 'hls::stream<std::array<ap_uint<8>, 2ul>, 0>161' contains leftover data, which may result in RTL simulation hanging.
WARNING [HLS SIM]: hls::stream 'hls::stream<std::array<ap_uint<8>, 2ul>, 0>160' contains leftover data, which may result in RTL simulation hanging.
WARNING [HLS SIM]: hls::stream 'hls::stream<std::array<ap_uint<8>, 2ul>, 0>159' contains leftover data, which may result in RTL simulation hanging.
WARNING [HLS SIM]: hls::stream 'hls::stream<std::array<ap_uint<8>, 2ul>, 0>158' contains leftover data, which may result in RTL simulation hanging.
WARNING [HLS SIM]: hls::stream 'hls::stream<std::array<ap_uint<8>, 2ul>, 0>157' contains leftover data, which may result in RTL simulation hanging.
WARNING [HLS SIM]: hls::stream 'hls::stream<std::array<ap_int<16>, 2ul>, 0>5' contains leftover data, which may result in RTL simulation hanging.
WARNING [HLS SIM]: hls::stream 'hls::stream<std::array<ap_int<8>, 2ul>, 0>21' contains leftover data, which may result in RTL simulation hanging.
WARNING [HLS SIM]: hls::stream 'hls::stream<std::array<ap_int<8>, 2ul>, 0>20' contains leftover data, which may result in RTL simulation hanging.
WARNING [HLS SIM]: hls::stream 'hls::stream<std::array<ap_int<8>, 2ul>, 0>19' contains leftover data, which may result in RTL simulation hanging.
WARNING [HLS SIM]: hls::stream 'hls::stream<std::array<ap_int<8>, 2ul>, 0>18' contains leftover data, which may result in RTL simulation hanging.
WARNING [HLS SIM]: hls::stream 'hls::stream<std::array<ap_uint<8>, 2ul>, 0>156' contains leftover data, which may result in RTL simulation hanging.
WARNING [HLS SIM]: hls::stream 'hls::stream<std::array<ap_uint<8>, 2ul>, 0>155' contains leftover data, which may result in RTL simulation hanging.
WARNING [HLS SIM]: hls::stream 'hls::stream<std::array<ap_uint<8>, 2ul>, 0>154' contains leftover data, which may result in RTL simulation hanging.
WARNING [HLS SIM]: hls::stream 'hls::stream<std::array<ap_uint<8>, 2ul>, 0>153' contains leftover data, which may result in RTL simulation hanging.
WARNING [HLS SIM]: hls::stream 'hls::stream<std::array<ap_int<8>, 4ul>, 0>45' contains leftover data, which may result in RTL simulation hanging.
WARNING [HLS SIM]: hls::stream 'hls::stream<std::array<ap_int<8>, 4ul>, 0>44' contains leftover data, which may result in RTL simulation hanging.
WARNING [HLS SIM]: hls::stream 'hls::stream<std::array<ap_int<8>, 4ul>, 0>43' contains leftover data, which may result in RTL simulation hanging.
WARNING [HLS SIM]: hls::stream 'hls::stream<std::array<ap_int<8>, 4ul>, 0>42' contains leftover data, which may result in RTL simulation hanging.
WARNING [HLS SIM]: hls::stream 'hls::stream<std::array<ap_int<8>, 4ul>, 0>41' contains leftover data, which may result in RTL simulation hanging.
WARNING [HLS SIM]: hls::stream 'hls::stream<std::array<ap_int<8>, 4ul>, 0>40' contains leftover data, which may result in RTL simulation hanging.
WARNING [HLS SIM]: hls::stream 'hls::stream<std::array<ap_int<8>, 4ul>, 0>39' contains leftover data, which may result in RTL simulation hanging.
WARNING [HLS SIM]: hls::stream 'hls::stream<std::array<ap_int<8>, 4ul>, 0>38' contains leftover data, which may result in RTL simulation hanging.
WARNING [HLS SIM]: hls::stream 'hls::stream<std::array<ap_int<8>, 4ul>, 0>37' contains leftover data, which may result in RTL simulation hanging.
WARNING [HLS SIM]: hls::stream 'hls::stream<std::array<ap_uint<8>, 2ul>, 0>138' contains leftover data, which may result in RTL simulation hanging.
WARNING [HLS SIM]: hls::stream 'hls::stream<std::array<ap_uint<8>, 2ul>, 0>137' contains leftover data, which may result in RTL simulation hanging.
WARNING [HLS SIM]: hls::stream 'hls::stream<std::array<ap_uint<8>, 2ul>, 0>136' contains leftover data, which may result in RTL simulation hanging.
WARNING [HLS SIM]: hls::stream 'hls::stream<std::array<ap_uint<8>, 2ul>, 0>135' contains leftover data, which may result in RTL simulation hanging.
WARNING [HLS SIM]: hls::stream 'hls::stream<std::array<ap_uint<8>, 2ul>, 0>134' contains leftover data, which may result in RTL simulation hanging.
WARNING [HLS SIM]: hls::stream 'hls::stream<std::array<ap_uint<8>, 2ul>, 0>133' contains leftover data, which may result in RTL simulation hanging.
WARNING [HLS SIM]: hls::stream 'hls::stream<std::array<ap_uint<8>, 2ul>, 0>132' contains leftover data, which may result in RTL simulation hanging.
WARNING [HLS SIM]: hls::stream 'hls::stream<std::array<ap_uint<8>, 2ul>, 0>131' contains leftover data, which may result in RTL simulation hanging.
WARNING [HLS SIM]: hls::stream 'hls::stream<std::array<ap_uint<8>, 2ul>, 0>130' contains leftover data, which may result in RTL simulation hanging.
WARNING [HLS SIM]: hls::stream 'hls::stream<std::array<ap_uint<8>, 2ul>, 0>129' contains leftover data, which may result in RTL simulation hanging.
WARNING [HLS SIM]: hls::stream 'hls::stream<std::array<ap_uint<8>, 2ul>, 0>128' contains leftover data, which may result in RTL simulation hanging.
WARNING [HLS SIM]: hls::stream 'hls::stream<std::array<ap_uint<8>, 2ul>, 0>127' contains leftover data, which may result in RTL simulation hanging.
WARNING [HLS SIM]: hls::stream 'hls::stream<std::array<ap_uint<8>, 2ul>, 0>126' contains leftover data, which may result in RTL simulation hanging.
WARNING [HLS SIM]: hls::stream 'hls::stream<std::array<ap_uint<8>, 2ul>, 0>125' contains leftover data, which may result in RTL simulation hanging.
WARNING [HLS SIM]: hls::stream 'hls::stream<std::array<ap_uint<8>, 2ul>, 0>124' contains leftover data, which may result in RTL simulation hanging.
WARNING [HLS SIM]: hls::stream 'hls::stream<std::array<ap_uint<8>, 2ul>, 0>123' contains leftover data, which may result in RTL simulation hanging.
WARNING [HLS SIM]: hls::stream 'hls::stream<std::array<ap_uint<8>, 2ul>, 0>122' contains leftover data, which may result in RTL simulation hanging.
WARNING [HLS SIM]: hls::stream 'hls::stream<std::array<ap_uint<8>, 2ul>, 0>121' contains leftover data, which may result in RTL simulation hanging.
WARNING [HLS SIM]: hls::stream 'hls::stream<std::array<ap_uint<8>, 2ul>, 0>120' contains leftover data, which may result in RTL simulation hanging.
WARNING [HLS SIM]: hls::stream 'hls::stream<std::array<ap_uint<8>, 2ul>, 0>119' contains leftover data, which may result in RTL simulation hanging.
WARNING [HLS SIM]: hls::stream 'hls::stream<std::array<ap_uint<8>, 2ul>, 0>118' contains leftover data, which may result in RTL simulation hanging.
WARNING [HLS SIM]: hls::stream 'hls::stream<std::array<ap_uint<8>, 2ul>, 0>117' contains leftover data, which may result in RTL simulation hanging.
WARNING [HLS SIM]: hls::stream 'hls::stream<std::array<ap_uint<8>, 2ul>, 0>116' contains leftover data, which may result in RTL simulation hanging.
WARNING [HLS SIM]: hls::stream 'hls::stream<std::array<ap_uint<8>, 2ul>, 0>115' contains leftover data, which may result in RTL simulation hanging.
WARNING [HLS SIM]: hls::stream 'hls::stream<std::array<ap_uint<8>, 2ul>, 0>109' contains leftover data, which may result in RTL simulation hanging.
WARNING [HLS SIM]: hls::stream 'hls::stream<std::array<ap_uint<8>, 2ul>, 0>108' contains leftover data, which may result in RTL simulation hanging.
WARNING [HLS SIM]: hls::stream 'hls::stream<std::array<ap_uint<8>, 2ul>, 0>107' contains leftover data, which may result in RTL simulation hanging.
WARNING [HLS SIM]: hls::stream 'hls::stream<std::array<ap_uint<8>, 2ul>, 0>103' contains leftover data, which may result in RTL simulation hanging.
WARNING [HLS SIM]: hls::stream 'hls::stream<std::array<ap_uint<8>, 2ul>, 0>100' contains leftover data, which may result in RTL simulation hanging.
WARNING [HLS SIM]: hls::stream 'hls::stream<std::array<ap_uint<8>, 2ul>, 0>99' contains leftover data, which may result in RTL simulation hanging.
WARNING [HLS SIM]: hls::stream 'hls::stream<std::array<ap_uint<8>, 2ul>, 0>98' contains leftover data, which may result in RTL simulation hanging.
WARNING [HLS SIM]: hls::stream 'hls::stream<std::array<ap_uint<8>, 2ul>, 0>96' contains leftover data, which may result in RTL simulation hanging.
WARNING [HLS SIM]: hls::stream 'hls::stream<std::array<ap_uint<8>, 2ul>, 0>95' contains leftover data, which may result in RTL simulation hanging.
WARNING [HLS SIM]: hls::stream 'hls::stream<std::array<ap_uint<8>, 2ul>, 0>94' contains leftover data, which may result in RTL simulation hanging.
WARNING [HLS SIM]: hls::stream 'hls::stream<std::array<ap_int<16>, 2ul>, 0>4' contains leftover data, which may result in RTL simulation hanging.
WARNING [HLS SIM]: hls::stream 'hls::stream<std::array<ap_uint<8>, 2ul>, 0>64' contains leftover data, which may result in RTL simulation hanging.
WARNING [HLS SIM]: hls::stream 'hls::stream<std::array<ap_uint<8>, 2ul>, 0>63' contains leftover data, which may result in RTL simulation hanging.
WARNING [HLS SIM]: hls::stream 'hls::stream<std::array<ap_uint<8>, 2ul>, 0>62' contains leftover data, which may result in RTL simulation hanging.
WARNING [HLS SIM]: hls::stream 'hls::stream<std::array<ap_uint<8>, 2ul>, 0>61' contains leftover data, which may result in RTL simulation hanging.
WARNING [HLS SIM]: hls::stream 'hls::stream<std::array<ap_uint<8>, 2ul>, 0>60' contains leftover data, which may result in RTL simulation hanging.
WARNING [HLS SIM]: hls::stream 'hls::stream<std::array<ap_uint<8>, 2ul>, 0>59' contains leftover data, which may result in RTL simulation hanging.
WARNING [HLS SIM]: hls::stream 'hls::stream<std::array<ap_uint<8>, 2ul>, 0>58' contains leftover data, which may result in RTL simulation hanging.
WARNING [HLS SIM]: hls::stream 'hls::stream<std::array<ap_int<8>, 4ul>, 0>36' contains leftover data, which may result in RTL simulation hanging.
WARNING [HLS SIM]: hls::stream 'hls::stream<std::array<ap_int<16>, 2ul>, 0>3' contains leftover data, which may result in RTL simulation hanging.
WARNING [HLS SIM]: hls::stream 'hls::stream<std::array<ap_int<8>, 4ul>, 0>35' contains leftover data, which may result in RTL simulation hanging.
WARNING [HLS SIM]: hls::stream 'hls::stream<std::array<ap_int<8>, 4ul>, 0>34' contains leftover data, which may result in RTL simulation hanging.
WARNING [HLS SIM]: hls::stream 'hls::stream<std::array<ap_int<8>, 4ul>, 0>33' contains leftover data, which may result in RTL simulation hanging.
WARNING [HLS SIM]: hls::stream 'hls::stream<std::array<ap_int<8>, 4ul>, 0>32' contains leftover data, which may result in RTL simulation hanging.
WARNING [HLS SIM]: hls::stream 'hls::stream<std::array<ap_int<8>, 4ul>, 0>31' contains leftover data, which may result in RTL simulation hanging.
WARNING [HLS SIM]: hls::stream 'hls::stream<std::array<ap_int<8>, 4ul>, 0>30' contains leftover data, which may result in RTL simulation hanging.
WARNING [HLS SIM]: hls::stream 'hls::stream<std::array<ap_int<8>, 4ul>, 0>29' contains leftover data, which may result in RTL simulation hanging.
WARNING [HLS SIM]: hls::stream 'hls::stream<std::array<ap_int<8>, 4ul>, 0>28' contains leftover data, which may result in RTL simulation hanging.
WARNING [HLS SIM]: hls::stream 'hls::stream<std::array<ap_int<8>, 4ul>, 0>27' contains leftover data, which may result in RTL simulation hanging.
WARNING [HLS SIM]: hls::stream 'hls::stream<std::array<ap_uint<8>, 2ul>, 0>49' contains leftover data, which may result in RTL simulation hanging.
WARNING [HLS SIM]: hls::stream 'hls::stream<std::array<ap_uint<8>, 2ul>, 0>48' contains leftover data, which may result in RTL simulation hanging.
WARNING [HLS SIM]: hls::stream 'hls::stream<std::array<ap_uint<8>, 2ul>, 0>47' contains leftover data, which may result in RTL simulation hanging.
WARNING [HLS SIM]: hls::stream 'hls::stream<std::array<ap_uint<8>, 2ul>, 0>46' contains leftover data, which may result in RTL simulation hanging.
WARNING [HLS SIM]: hls::stream 'hls::stream<std::array<ap_uint<8>, 2ul>, 0>45' contains leftover data, which may result in RTL simulation hanging.
WARNING [HLS SIM]: hls::stream 'hls::stream<std::array<ap_uint<8>, 2ul>, 0>44' contains leftover data, which may result in RTL simulation hanging.
WARNING [HLS SIM]: hls::stream 'hls::stream<std::array<ap_uint<8>, 2ul>, 0>43' contains leftover data, which may result in RTL simulation hanging.
WARNING [HLS SIM]: hls::stream 'hls::stream<std::array<ap_uint<8>, 2ul>, 0>42' contains leftover data, which may result in RTL simulation hanging.
WARNING [HLS SIM]: hls::stream 'hls::stream<std::array<ap_uint<8>, 2ul>, 0>41' contains leftover data, which may result in RTL simulation hanging.
WARNING [HLS SIM]: hls::stream 'hls::stream<std::array<ap_uint<8>, 2ul>, 0>40' contains leftover data, which may result in RTL simulation hanging.
WARNING [HLS SIM]: hls::stream 'hls::stream<std::array<ap_uint<8>, 2ul>, 0>39' contains leftover data, which may result in RTL simulation hanging.
WARNING [HLS SIM]: hls::stream 'hls::stream<std::array<ap_uint<8>, 2ul>, 0>38' contains leftover data, which may result in RTL simulation hanging.
WARNING [HLS SIM]: hls::stream 'hls::stream<std::array<ap_uint<8>, 2ul>, 0>37' contains leftover data, which may result in RTL simulation hanging.
WARNING [HLS SIM]: hls::stream 'hls::stream<std::array<ap_uint<8>, 2ul>, 0>36' contains leftover data, which may result in RTL simulation hanging.
WARNING [HLS SIM]: hls::stream 'hls::stream<std::array<ap_uint<8>, 2ul>, 0>35' contains leftover data, which may result in RTL simulation hanging.
WARNING [HLS SIM]: hls::stream 'hls::stream<std::array<ap_uint<8>, 2ul>, 0>34' contains leftover data, which may result in RTL simulation hanging.
WARNING [HLS SIM]: hls::stream 'hls::stream<std::array<ap_uint<8>, 2ul>, 0>33' contains leftover data, which may result in RTL simulation hanging.
WARNING [HLS SIM]: hls::stream 'hls::stream<std::array<ap_uint<8>, 2ul>, 0>32' contains leftover data, which may result in RTL simulation hanging.
WARNING [HLS SIM]: hls::stream 'hls::stream<std::array<ap_uint<8>, 2ul>, 0>31' contains leftover data, which may result in RTL simulation hanging.
WARNING [HLS SIM]: hls::stream 'hls::stream<std::array<ap_uint<8>, 2ul>, 0>30' contains leftover data, which may result in RTL simulation hanging.
WARNING [HLS SIM]: hls::stream 'hls::stream<std::array<ap_uint<8>, 2ul>, 0>28' contains leftover data, which may result in RTL simulation hanging.
WARNING [HLS SIM]: hls::stream 'hls::stream<std::array<ap_uint<8>, 2ul>, 0>27' contains leftover data, which may result in RTL simulation hanging.
WARNING [HLS SIM]: hls::stream 'hls::stream<std::array<ap_uint<8>, 2ul>, 0>26' contains leftover data, which may result in RTL simulation hanging.
WARNING [HLS SIM]: hls::stream 'hls::stream<std::array<ap_uint<8>, 2ul>, 0>25' contains leftover data, which may result in RTL simulation hanging.
WARNING [HLS SIM]: hls::stream 'hls::stream<std::array<ap_uint<8>, 2ul>, 0>24' contains leftover data, which may result in RTL simulation hanging.
WARNING [HLS SIM]: hls::stream 'hls::stream<std::array<ap_uint<8>, 2ul>, 0>23' contains leftover data, which may result in RTL simulation hanging.
WARNING [HLS SIM]: hls::stream 'hls::stream<std::array<ap_uint<8>, 2ul>, 0>22' contains leftover data, which may result in RTL simulation hanging.
WARNING [HLS SIM]: hls::stream 'hls::stream<std::array<ap_uint<8>, 2ul>, 0>21' contains leftover data, which may result in RTL simulation hanging.
WARNING [HLS SIM]: hls::stream 'hls::stream<std::array<ap_uint<8>, 2ul>, 0>20' contains leftover data, which may result in RTL simulation hanging.
WARNING [HLS SIM]: hls::stream 'hls::stream<std::array<ap_uint<8>, 2ul>, 0>19' contains leftover data, which may result in RTL simulation hanging.
WARNING [HLS SIM]: hls::stream 'hls::stream<std::array<ap_uint<8>, 2ul>, 0>18' contains leftover data, which may result in RTL simulation hanging.
WARNING [HLS SIM]: hls::stream 'hls::stream<std::array<ap_uint<8>, 2ul>, 0>17' contains leftover data, which may result in RTL simulation hanging.
WARNING [HLS SIM]: hls::stream 'hls::stream<std::array<ap_uint<8>, 2ul>, 0>16' contains leftover data, which may result in RTL simulation hanging.
WARNING [HLS SIM]: hls::stream 'hls::stream<std::array<ap_uint<8>, 2ul>, 0>15' contains leftover data, which may result in RTL simulation hanging.
WARNING [HLS SIM]: hls::stream 'hls::stream<std::array<ap_uint<8>, 2ul>, 0>14' contains leftover data, which may result in RTL simulation hanging.
WARNING [HLS SIM]: hls::stream 'hls::stream<std::array<ap_uint<8>, 2ul>, 0>13' contains leftover data, which may result in RTL simulation hanging.
WARNING [HLS SIM]: hls::stream 'hls::stream<std::array<ap_uint<8>, 2ul>, 0>12' contains leftover data, which may result in RTL simulation hanging.
WARNING [HLS SIM]: hls::stream 'hls::stream<std::array<ap_uint<8>, 2ul>, 0>11' contains leftover data, which may result in RTL simulation hanging.
WARNING [HLS SIM]: hls::stream 'hls::stream<std::array<ap_uint<8>, 2ul>, 0>10' contains leftover data, which may result in RTL simulation hanging.
WARNING [HLS SIM]: hls::stream 'hls::stream<std::array<ap_uint<8>, 2ul>, 0>9' contains leftover data, which may result in RTL simulation hanging.
WARNING [HLS SIM]: hls::stream 'hls::stream<std::array<ap_uint<8>, 2ul>, 0>8' contains leftover data, which may result in RTL simulation hanging.
WARNING [HLS SIM]: hls::stream 'hls::stream<std::array<ap_uint<8>, 2ul>, 0>7' contains leftover data, which may result in RTL simulation hanging.
WARNING [HLS SIM]: hls::stream 'hls::stream<std::array<ap_uint<8>, 2ul>, 0>6' contains leftover data, which may result in RTL simulation hanging.
WARNING [HLS SIM]: hls::stream 'hls::stream<std::array<ap_uint<8>, 2ul>, 0>5' contains leftover data, which may result in RTL simulation hanging.
WARNING [HLS SIM]: hls::stream 'hls::stream<std::array<ap_uint<8>, 2ul>, 0>4' contains leftover data, which may result in RTL simulation hanging.
WARNING [HLS SIM]: hls::stream 'hls::stream<std::array<ap_int<16>, 2ul>, 0>2' contains leftover data, which may result in RTL simulation hanging.
WARNING [HLS SIM]: hls::stream 'hls::stream<std::array<ap_int<8>, 2ul>, 0>13' contains leftover data, which may result in RTL simulation hanging.
WARNING [HLS SIM]: hls::stream 'hls::stream<std::array<ap_int<8>, 2ul>, 0>12' contains leftover data, which may result in RTL simulation hanging.
WARNING [HLS SIM]: hls::stream 'hls::stream<std::array<ap_int<8>, 2ul>, 0>11' contains leftover data, which may result in RTL simulation hanging.
WARNING [HLS SIM]: hls::stream 'hls::stream<std::array<ap_int<8>, 2ul>, 0>10' contains leftover data, which may result in RTL simulation hanging.
WARNING [HLS SIM]: hls::stream 'hls::stream<std::array<ap_uint<8>, 2ul>, 0>3' contains leftover data, which may result in RTL simulation hanging.
WARNING [HLS SIM]: hls::stream 'hls::stream<std::array<ap_uint<8>, 2ul>, 0>2' contains leftover data, which may result in RTL simulation hanging.
WARNING [HLS SIM]: hls::stream 'hls::stream<std::array<ap_uint<8>, 2ul>, 0>1' contains leftover data, which may result in RTL simulation hanging.
WARNING [HLS SIM]: hls::stream 'hls::stream<std::array<ap_uint<8>, 2ul>, 0>0' contains leftover data, which may result in RTL simulation hanging.
WARNING [HLS SIM]: hls::stream 'hls::stream<std::array<ap_int<8>, 4ul>, 0>26' contains leftover data, which may result in RTL simulation hanging.
WARNING [HLS SIM]: hls::stream 'hls::stream<std::array<ap_int<8>, 4ul>, 0>25' contains leftover data, which may result in RTL simulation hanging.
WARNING [HLS SIM]: hls::stream 'hls::stream<std::array<ap_int<8>, 4ul>, 0>24' contains leftover data, which may result in RTL simulation hanging.
WARNING [HLS SIM]: hls::stream 'hls::stream<std::array<ap_int<8>, 4ul>, 0>23' contains leftover data, which may result in RTL simulation hanging.
WARNING [HLS SIM]: hls::stream 'hls::stream<std::array<ap_int<8>, 4ul>, 0>22' contains leftover data, which may result in RTL simulation hanging.
WARNING [HLS SIM]: hls::stream 'hls::stream<std::array<ap_int<8>, 4ul>, 0>21' contains leftover data, which may result in RTL simulation hanging.
WARNING [HLS SIM]: hls::stream 'hls::stream<std::array<ap_int<8>, 4ul>, 0>20' contains leftover data, which may result in RTL simulation hanging.
WARNING [HLS SIM]: hls::stream 'hls::stream<std::array<ap_int<8>, 4ul>, 0>19' contains leftover data, which may result in RTL simulation hanging.
WARNING [HLS SIM]: hls::stream 'hls::stream<std::array<ap_int<8>, 4ul>, 0>18' contains leftover data, which may result in RTL simulation hanging.
WARNING [HLS SIM]: hls::stream 'hls::stream<std::array<ap_uint<8>, 1ul>, 0>157' contains leftover data, which may result in RTL simulation hanging.
WARNING [HLS SIM]: hls::stream 'hls::stream<std::array<ap_uint<8>, 1ul>, 0>156' contains leftover data, which may result in RTL simulation hanging.
WARNING [HLS SIM]: hls::stream 'hls::stream<std::array<ap_uint<8>, 1ul>, 0>155' contains leftover data, which may result in RTL simulation hanging.
WARNING [HLS SIM]: hls::stream 'hls::stream<std::array<ap_uint<8>, 1ul>, 0>154' contains leftover data, which may result in RTL simulation hanging.
WARNING [HLS SIM]: hls::stream 'hls::stream<std::array<ap_uint<8>, 1ul>, 0>153' contains leftover data, which may result in RTL simulation hanging.
WARNING [HLS SIM]: hls::stream 'hls::stream<std::array<ap_uint<8>, 1ul>, 0>152' contains leftover data, which may result in RTL simulation hanging.
WARNING [HLS SIM]: hls::stream 'hls::stream<std::array<ap_uint<8>, 1ul>, 0>151' contains leftover data, which may result in RTL simulation hanging.
WARNING [HLS SIM]: hls::stream 'hls::stream<std::array<ap_uint<8>, 1ul>, 0>146' contains leftover data, which may result in RTL simulation hanging.
WARNING [HLS SIM]: hls::stream 'hls::stream<std::array<ap_uint<8>, 1ul>, 0>145' contains leftover data, which may result in RTL simulation hanging.
WARNING [HLS SIM]: hls::stream 'hls::stream<std::array<ap_uint<8>, 1ul>, 0>144' contains leftover data, which may result in RTL simulation hanging.
WARNING [HLS SIM]: hls::stream 'hls::stream<std::array<ap_uint<8>, 1ul>, 0>143' contains leftover data, which may result in RTL simulation hanging.
WARNING [HLS SIM]: hls::stream 'hls::stream<std::array<ap_uint<8>, 1ul>, 0>142' contains leftover data, which may result in RTL simulation hanging.
WARNING [HLS SIM]: hls::stream 'hls::stream<std::array<ap_uint<8>, 1ul>, 0>141' contains leftover data, which may result in RTL simulation hanging.
WARNING [HLS SIM]: hls::stream 'hls::stream<std::array<ap_uint<8>, 1ul>, 0>140' contains leftover data, which may result in RTL simulation hanging.
WARNING [HLS SIM]: hls::stream 'hls::stream<std::array<ap_uint<8>, 1ul>, 0>139' contains leftover data, which may result in RTL simulation hanging.
WARNING [HLS SIM]: hls::stream 'hls::stream<std::array<ap_uint<8>, 1ul>, 0>138' contains leftover data, which may result in RTL simulation hanging.
WARNING [HLS SIM]: hls::stream 'hls::stream<std::array<ap_uint<8>, 1ul>, 0>137' contains leftover data, which may result in RTL simulation hanging.
WARNING [HLS SIM]: hls::stream 'hls::stream<std::array<ap_uint<8>, 1ul>, 0>136' contains leftover data, which may result in RTL simulation hanging.
WARNING [HLS SIM]: hls::stream 'hls::stream<std::array<ap_uint<8>, 1ul>, 0>135' contains leftover data, which may result in RTL simulation hanging.
WARNING [HLS SIM]: hls::stream 'hls::stream<std::array<ap_uint<8>, 1ul>, 0>134' contains leftover data, which may result in RTL simulation hanging.
WARNING [HLS SIM]: hls::stream 'hls::stream<std::array<ap_uint<8>, 1ul>, 0>133' contains leftover data, which may result in RTL simulation hanging.
WARNING [HLS SIM]: hls::stream 'hls::stream<std::array<ap_uint<8>, 1ul>, 0>132' contains leftover data, which may result in RTL simulation hanging.
WARNING [HLS SIM]: hls::stream 'hls::stream<std::array<ap_uint<8>, 1ul>, 0>131' contains leftover data, which may result in RTL simulation hanging.
WARNING [HLS SIM]: hls::stream 'hls::stream<std::array<ap_uint<8>, 1ul>, 0>130' contains leftover data, which may result in RTL simulation hanging.
WARNING [HLS SIM]: hls::stream 'hls::stream<std::array<ap_uint<8>, 1ul>, 0>129' contains leftover data, which may result in RTL simulation hanging.
WARNING [HLS SIM]: hls::stream 'hls::stream<std::array<ap_uint<8>, 1ul>, 0>128' contains leftover data, which may result in RTL simulation hanging.
WARNING [HLS SIM]: hls::stream 'hls::stream<std::array<ap_uint<8>, 1ul>, 0>127' contains leftover data, which may result in RTL simulation hanging.
WARNING [HLS SIM]: hls::stream 'hls::stream<std::array<ap_uint<8>, 1ul>, 0>126' contains leftover data, which may result in RTL simulation hanging.
WARNING [HLS SIM]: hls::stream 'hls::stream<std::array<ap_uint<8>, 1ul>, 0>125' contains leftover data, which may result in RTL simulation hanging.
WARNING [HLS SIM]: hls::stream 'hls::stream<std::array<ap_uint<8>, 1ul>, 0>124' contains leftover data, which may result in RTL simulation hanging.
WARNING [HLS SIM]: hls::stream 'hls::stream<std::array<ap_uint<8>, 1ul>, 0>123' contains leftover data, which may result in RTL simulation hanging.
WARNING [HLS SIM]: hls::stream 'hls::stream<std::array<ap_uint<8>, 1ul>, 0>118' contains leftover data, which may result in RTL simulation hanging.
WARNING [HLS SIM]: hls::stream 'hls::stream<std::array<ap_uint<8>, 1ul>, 0>117' contains leftover data, which may result in RTL simulation hanging.
WARNING [HLS SIM]: hls::stream 'hls::stream<std::array<ap_uint<8>, 1ul>, 0>116' contains leftover data, which may result in RTL simulation hanging.
WARNING [HLS SIM]: hls::stream 'hls::stream<std::array<ap_uint<8>, 1ul>, 0>115' contains leftover data, which may result in RTL simulation hanging.
WARNING [HLS SIM]: hls::stream 'hls::stream<std::array<ap_uint<8>, 1ul>, 0>114' contains leftover data, which may result in RTL simulation hanging.
WARNING [HLS SIM]: hls::stream 'hls::stream<std::array<ap_uint<8>, 1ul>, 0>108' contains leftover data, which may result in RTL simulation hanging.
WARNING [HLS SIM]: hls::stream 'hls::stream<std::array<ap_uint<8>, 1ul>, 0>107' contains leftover data, which may result in RTL simulation hanging.
WARNING [HLS SIM]: hls::stream 'hls::stream<std::array<ap_uint<8>, 1ul>, 0>106' contains leftover data, which may result in RTL simulation hanging.
WARNING [HLS SIM]: hls::stream 'hls::stream<std::array<ap_uint<8>, 1ul>, 0>104' contains leftover data, which may result in RTL simulation hanging.
WARNING [HLS SIM]: hls::stream 'hls::stream<std::array<ap_uint<8>, 1ul>, 0>103' contains leftover data, which may result in RTL simulation hanging.
WARNING [HLS SIM]: hls::stream 'hls::stream<std::array<ap_uint<8>, 1ul>, 0>102' contains leftover data, which may result in RTL simulation hanging.
WARNING [HLS SIM]: hls::stream 'hls::stream<std::array<ap_uint<8>, 1ul>, 0>100' contains leftover data, which may result in RTL simulation hanging.
WARNING [HLS SIM]: hls::stream 'hls::stream<std::array<ap_uint<8>, 1ul>, 0>99' contains leftover data, which may result in RTL simulation hanging.
WARNING [HLS SIM]: hls::stream 'hls::stream<std::array<ap_uint<8>, 1ul>, 0>98' contains leftover data, which may result in RTL simulation hanging.
WARNING [HLS SIM]: hls::stream 'hls::stream<std::array<ap_uint<8>, 1ul>, 0>97' contains leftover data, which may result in RTL simulation hanging.
WARNING [HLS SIM]: hls::stream 'hls::stream<std::array<ap_uint<8>, 1ul>, 0>96' contains leftover data, which may result in RTL simulation hanging.
WARNING [HLS SIM]: hls::stream 'hls::stream<std::array<ap_uint<8>, 1ul>, 0>95' contains leftover data, which may result in RTL simulation hanging.
WARNING [HLS SIM]: hls::stream 'hls::stream<std::array<ap_uint<8>, 1ul>, 0>94' contains leftover data, which may result in RTL simulation hanging.
WARNING [HLS SIM]: hls::stream 'hls::stream<std::array<ap_uint<8>, 1ul>, 0>93' contains leftover data, which may result in RTL simulation hanging.
WARNING [HLS SIM]: hls::stream 'hls::stream<std::array<ap_uint<8>, 1ul>, 0>92' contains leftover data, which may result in RTL simulation hanging.
WARNING [HLS SIM]: hls::stream 'hls::stream<std::array<ap_uint<8>, 1ul>, 0>91' contains leftover data, which may result in RTL simulation hanging.
WARNING [HLS SIM]: hls::stream 'hls::stream<std::array<ap_uint<8>, 1ul>, 0>90' contains leftover data, which may result in RTL simulation hanging.
WARNING [HLS SIM]: hls::stream 'hls::stream<std::array<ap_uint<8>, 1ul>, 0>89' contains leftover data, which may result in RTL simulation hanging.
WARNING [HLS SIM]: hls::stream 'hls::stream<std::array<ap_uint<8>, 1ul>, 0>88' contains leftover data, which may result in RTL simulation hanging.
WARNING [HLS SIM]: hls::stream 'hls::stream<std::array<ap_uint<8>, 1ul>, 0>87' contains leftover data, which may result in RTL simulation hanging.
WARNING [HLS SIM]: hls::stream 'hls::stream<std::array<ap_uint<8>, 1ul>, 0>86' contains leftover data, which may result in RTL simulation hanging.
WARNING [HLS SIM]: hls::stream 'hls::stream<std::array<ap_uint<8>, 1ul>, 0>85' contains leftover data, which may result in RTL simulation hanging.
WARNING [HLS SIM]: hls::stream 'hls::stream<std::array<ap_uint<8>, 1ul>, 0>84' contains leftover data, which may result in RTL simulation hanging.
WARNING [HLS SIM]: hls::stream 'hls::stream<std::array<ap_uint<8>, 1ul>, 0>83' contains leftover data, which may result in RTL simulation hanging.
WARNING [HLS SIM]: hls::stream 'hls::stream<std::array<ap_uint<8>, 1ul>, 0>82' contains leftover data, which may result in RTL simulation hanging.
WARNING [HLS SIM]: hls::stream 'hls::stream<std::array<ap_uint<8>, 1ul>, 0>81' contains leftover data, which may result in RTL simulation hanging.
WARNING [HLS SIM]: hls::stream 'hls::stream<std::array<ap_uint<8>, 1ul>, 0>80' contains leftover data, which may result in RTL simulation hanging.
WARNING [HLS SIM]: hls::stream 'hls::stream<std::array<ap_uint<8>, 1ul>, 0>79' contains leftover data, which may result in RTL simulation hanging.
WARNING [HLS SIM]: hls::stream 'hls::stream<std::array<ap_uint<8>, 1ul>, 0>78' contains leftover data, which may result in RTL simulation hanging.
WARNING [HLS SIM]: hls::stream 'hls::stream<std::array<ap_uint<8>, 1ul>, 0>77' contains leftover data, which may result in RTL simulation hanging.
WARNING [HLS SIM]: hls::stream 'hls::stream<std::array<ap_uint<8>, 1ul>, 0>76' contains leftover data, which may result in RTL simulation hanging.
WARNING [HLS SIM]: hls::stream 'hls::stream<std::array<ap_uint<8>, 1ul>, 0>75' contains leftover data, which may result in RTL simulation hanging.
WARNING [HLS SIM]: hls::stream 'hls::stream<std::array<ap_uint<8>, 1ul>, 0>74' contains leftover data, which may result in RTL simulation hanging.
WARNING [HLS SIM]: hls::stream 'hls::stream<std::array<ap_int<16>, 2ul>, 0>1' contains leftover data, which may result in RTL simulation hanging.
WARNING [HLS SIM]: hls::stream 'hls::stream<std::array<ap_uint<8>, 1ul>, 0>72' contains leftover data, which may result in RTL simulation hanging.
WARNING [HLS SIM]: hls::stream 'hls::stream<std::array<ap_uint<8>, 1ul>, 0>71' contains leftover data, which may result in RTL simulation hanging.
WARNING [HLS SIM]: hls::stream 'hls::stream<std::array<ap_uint<8>, 1ul>, 0>70' contains leftover data, which may result in RTL simulation hanging.
WARNING [HLS SIM]: hls::stream 'hls::stream<std::array<ap_uint<8>, 1ul>, 0>69' contains leftover data, which may result in RTL simulation hanging.
WARNING [HLS SIM]: hls::stream 'hls::stream<std::array<ap_uint<8>, 1ul>, 0>68' contains leftover data, which may result in RTL simulation hanging.
WARNING [HLS SIM]: hls::stream 'hls::stream<std::array<ap_uint<8>, 1ul>, 0>67' contains leftover data, which may result in RTL simulation hanging.
WARNING [HLS SIM]: hls::stream 'hls::stream<std::array<ap_uint<8>, 1ul>, 0>66' contains leftover data, which may result in RTL simulation hanging.
WARNING [HLS SIM]: hls::stream 'hls::stream<std::array<ap_int<8>, 2ul>, 0>9' contains leftover data, which may result in RTL simulation hanging.
WARNING [HLS SIM]: hls::stream 'hls::stream<std::array<ap_int<16>, 2ul>, 0>0' contains leftover data, which may result in RTL simulation hanging.
WARNING [HLS SIM]: hls::stream 'hls::stream<std::array<ap_int<8>, 2ul>, 0>8' contains leftover data, which may result in RTL simulation hanging.
WARNING [HLS SIM]: hls::stream 'hls::stream<std::array<ap_int<8>, 2ul>, 0>7' contains leftover data, which may result in RTL simulation hanging.
WARNING [HLS SIM]: hls::stream 'hls::stream<std::array<ap_int<8>, 2ul>, 0>6' contains leftover data, which may result in RTL simulation hanging.
WARNING [HLS SIM]: hls::stream 'hls::stream<std::array<ap_int<8>, 2ul>, 0>5' contains leftover data, which may result in RTL simulation hanging.
WARNING [HLS SIM]: hls::stream 'hls::stream<std::array<ap_int<8>, 2ul>, 0>4' contains leftover data, which may result in RTL simulation hanging.
WARNING [HLS SIM]: hls::stream 'hls::stream<std::array<ap_int<8>, 2ul>, 0>3' contains leftover data, which may result in RTL simulation hanging.
WARNING [HLS SIM]: hls::stream 'hls::stream<std::array<ap_int<8>, 2ul>, 0>2' contains leftover data, which may result in RTL simulation hanging.
WARNING [HLS SIM]: hls::stream 'hls::stream<std::array<ap_int<8>, 2ul>, 0>1' contains leftover data, which may result in RTL simulation hanging.
WARNING [HLS SIM]: hls::stream 'hls::stream<std::array<ap_int<8>, 2ul>, 0>0' contains leftover data, which may result in RTL simulation hanging.
WARNING [HLS SIM]: hls::stream 'hls::stream<std::array<ap_uint<8>, 4ul>, 0>49' contains leftover data, which may result in RTL simulation hanging.
WARNING [HLS SIM]: hls::stream 'hls::stream<std::array<ap_uint<8>, 4ul>, 0>48' contains leftover data, which may result in RTL simulation hanging.
WARNING [HLS SIM]: hls::stream 'hls::stream<std::array<ap_uint<8>, 4ul>, 0>47' contains leftover data, which may result in RTL simulation hanging.
WARNING [HLS SIM]: hls::stream 'hls::stream<std::array<ap_uint<8>, 4ul>, 0>46' contains leftover data, which may result in RTL simulation hanging.
WARNING [HLS SIM]: hls::stream 'hls::stream<std::array<ap_uint<8>, 4ul>, 0>45' contains leftover data, which may result in RTL simulation hanging.
WARNING [HLS SIM]: hls::stream 'hls::stream<std::array<ap_uint<8>, 4ul>, 0>44' contains leftover data, which may result in RTL simulation hanging.
WARNING [HLS SIM]: hls::stream 'hls::stream<std::array<ap_uint<8>, 4ul>, 0>43' contains leftover data, which may result in RTL simulation hanging.
WARNING [HLS SIM]: hls::stream 'hls::stream<std::array<ap_uint<8>, 4ul>, 0>42' contains leftover data, which may result in RTL simulation hanging.
WARNING [HLS SIM]: hls::stream 'hls::stream<std::array<ap_uint<8>, 4ul>, 0>41' contains leftover data, which may result in RTL simulation hanging.
WARNING [HLS SIM]: hls::stream 'hls::stream<std::array<ap_uint<8>, 4ul>, 0>40' contains leftover data, which may result in RTL simulation hanging.
WARNING [HLS SIM]: hls::stream 'hls::stream<std::array<ap_uint<8>, 4ul>, 0>39' contains leftover data, which may result in RTL simulation hanging.
WARNING [HLS SIM]: hls::stream 'hls::stream<std::array<ap_uint<8>, 4ul>, 0>38' contains leftover data, which may result in RTL simulation hanging.
WARNING [HLS SIM]: hls::stream 'hls::stream<std::array<ap_uint<8>, 4ul>, 0>37' contains leftover data, which may result in RTL simulation hanging.
WARNING [HLS SIM]: hls::stream 'hls::stream<std::array<ap_uint<8>, 4ul>, 0>36' contains leftover data, which may result in RTL simulation hanging.
WARNING [HLS SIM]: hls::stream 'hls::stream<std::array<ap_uint<8>, 4ul>, 0>35' contains leftover data, which may result in RTL simulation hanging.
WARNING [HLS SIM]: hls::stream 'hls::stream<std::array<ap_uint<8>, 4ul>, 0>34' contains leftover data, which may result in RTL simulation hanging.
WARNING [HLS SIM]: hls::stream 'hls::stream<std::array<ap_uint<8>, 4ul>, 0>33' contains leftover data, which may result in RTL simulation hanging.
WARNING [HLS SIM]: hls::stream 'hls::stream<std::array<ap_uint<8>, 4ul>, 0>32' contains leftover data, which may result in RTL simulation hanging.
WARNING [HLS SIM]: hls::stream 'hls::stream<std::array<ap_uint<8>, 4ul>, 0>31' contains leftover data, which may result in RTL simulation hanging.
WARNING [HLS SIM]: hls::stream 'hls::stream<std::array<ap_uint<8>, 4ul>, 0>30' contains leftover data, which may result in RTL simulation hanging.
WARNING [HLS SIM]: hls::stream 'hls::stream<std::array<ap_uint<8>, 4ul>, 0>28' contains leftover data, which may result in RTL simulation hanging.
WARNING [HLS SIM]: hls::stream 'hls::stream<std::array<ap_uint<8>, 4ul>, 0>27' contains leftover data, which may result in RTL simulation hanging.
WARNING [HLS SIM]: hls::stream 'hls::stream<std::array<ap_uint<8>, 4ul>, 0>26' contains leftover data, which may result in RTL simulation hanging.
WARNING [HLS SIM]: hls::stream 'hls::stream<std::array<ap_uint<8>, 4ul>, 0>25' contains leftover data, which may result in RTL simulation hanging.
WARNING [HLS SIM]: hls::stream 'hls::stream<std::array<ap_uint<8>, 4ul>, 0>24' contains leftover data, which may result in RTL simulation hanging.
WARNING [HLS SIM]: hls::stream 'hls::stream<std::array<ap_uint<8>, 4ul>, 0>23' contains leftover data, which may result in RTL simulation hanging.
WARNING [HLS SIM]: hls::stream 'hls::stream<std::array<ap_uint<8>, 4ul>, 0>22' contains leftover data, which may result in RTL simulation hanging.
WARNING [HLS SIM]: hls::stream 'hls::stream<std::array<ap_uint<8>, 4ul>, 0>21' contains leftover data, which may result in RTL simulation hanging.
WARNING [HLS SIM]: hls::stream 'hls::stream<std::array<ap_uint<8>, 4ul>, 0>20' contains leftover data, which may result in RTL simulation hanging.
WARNING [HLS SIM]: hls::stream 'hls::stream<std::array<ap_uint<8>, 4ul>, 0>19' contains leftover data, which may result in RTL simulation hanging.
WARNING [HLS SIM]: hls::stream 'hls::stream<std::array<ap_uint<8>, 4ul>, 0>18' contains leftover data, which may result in RTL simulation hanging.
WARNING [HLS SIM]: hls::stream 'hls::stream<std::array<ap_uint<8>, 4ul>, 0>17' contains leftover data, which may result in RTL simulation hanging.
WARNING [HLS SIM]: hls::stream 'hls::stream<std::array<ap_uint<8>, 4ul>, 0>16' contains leftover data, which may result in RTL simulation hanging.
WARNING [HLS SIM]: hls::stream 'hls::stream<std::array<ap_uint<8>, 4ul>, 0>15' contains leftover data, which may result in RTL simulation hanging.
WARNING [HLS SIM]: hls::stream 'hls::stream<std::array<ap_uint<8>, 4ul>, 0>14' contains leftover data, which may result in RTL simulation hanging.
WARNING [HLS SIM]: hls::stream 'hls::stream<std::array<ap_uint<8>, 4ul>, 0>13' contains leftover data, which may result in RTL simulation hanging.
WARNING [HLS SIM]: hls::stream 'hls::stream<std::array<ap_uint<8>, 4ul>, 0>12' contains leftover data, which may result in RTL simulation hanging.
WARNING [HLS SIM]: hls::stream 'hls::stream<std::array<ap_uint<8>, 4ul>, 0>11' contains leftover data, which may result in RTL simulation hanging.
WARNING [HLS SIM]: hls::stream 'hls::stream<std::array<ap_uint<8>, 4ul>, 0>10' contains leftover data, which may result in RTL simulation hanging.
WARNING [HLS SIM]: hls::stream 'hls::stream<std::array<ap_uint<8>, 4ul>, 0>9' contains leftover data, which may result in RTL simulation hanging.
WARNING [HLS SIM]: hls::stream 'hls::stream<std::array<ap_uint<8>, 4ul>, 0>8' contains leftover data, which may result in RTL simulation hanging.
WARNING [HLS SIM]: hls::stream 'hls::stream<std::array<ap_uint<8>, 4ul>, 0>7' contains leftover data, which may result in RTL simulation hanging.
WARNING [HLS SIM]: hls::stream 'hls::stream<std::array<ap_uint<8>, 4ul>, 0>6' contains leftover data, which may result in RTL simulation hanging.
WARNING [HLS SIM]: hls::stream 'hls::stream<std::array<ap_uint<8>, 4ul>, 0>5' contains leftover data, which may result in RTL simulation hanging.
WARNING [HLS SIM]: hls::stream 'hls::stream<std::array<ap_uint<8>, 4ul>, 0>4' contains leftover data, which may result in RTL simulation hanging.
WARNING [HLS SIM]: hls::stream 'hls::stream<std::array<ap_int<16>, 1ul>, 0>1' contains leftover data, which may result in RTL simulation hanging.
WARNING [HLS SIM]: hls::stream 'hls::stream<std::array<ap_uint<8>, 4ul>, 0>3' contains leftover data, which may result in RTL simulation hanging.
WARNING [HLS SIM]: hls::stream 'hls::stream<std::array<ap_uint<8>, 4ul>, 0>2' contains leftover data, which may result in RTL simulation hanging.
WARNING [HLS SIM]: hls::stream 'hls::stream<std::array<ap_uint<8>, 4ul>, 0>1' contains leftover data, which may result in RTL simulation hanging.
WARNING [HLS SIM]: hls::stream 'hls::stream<std::array<ap_uint<8>, 4ul>, 0>0' contains leftover data, which may result in RTL simulation hanging.
WARNING [HLS SIM]: hls::stream 'hls::stream<std::array<ap_int<8>, 4ul>, 0>17' contains leftover data, which may result in RTL simulation hanging.
WARNING [HLS SIM]: hls::stream 'hls::stream<std::array<ap_int<8>, 4ul>, 0>16' contains leftover data, which may result in RTL simulation hanging.
WARNING [HLS SIM]: hls::stream 'hls::stream<std::array<ap_int<8>, 4ul>, 0>15' contains leftover data, which may result in RTL simulation hanging.
WARNING [HLS SIM]: hls::stream 'hls::stream<std::array<ap_int<8>, 4ul>, 0>14' contains leftover data, which may result in RTL simulation hanging.
WARNING [HLS SIM]: hls::stream 'hls::stream<std::array<ap_int<8>, 4ul>, 0>13' contains leftover data, which may result in RTL simulation hanging.
WARNING [HLS SIM]: hls::stream 'hls::stream<std::array<ap_int<8>, 4ul>, 0>12' contains leftover data, which may result in RTL simulation hanging.
WARNING [HLS SIM]: hls::stream 'hls::stream<std::array<ap_int<8>, 4ul>, 0>11' contains leftover data, which may result in RTL simulation hanging.
WARNING [HLS SIM]: hls::stream 'hls::stream<std::array<ap_int<8>, 4ul>, 0>10' contains leftover data, which may result in RTL simulation hanging.
WARNING [HLS SIM]: hls::stream 'hls::stream<std::array<ap_int<8>, 4ul>, 0>9' contains leftover data, which may result in RTL simulation hanging.
WARNING [HLS SIM]: hls::stream 'hls::stream<std::array<ap_uint<8>, 1ul>, 0>57' contains leftover data, which may result in RTL simulation hanging.
WARNING [HLS SIM]: hls::stream 'hls::stream<std::array<ap_uint<8>, 1ul>, 0>56' contains leftover data, which may result in RTL simulation hanging.
WARNING [HLS SIM]: hls::stream 'hls::stream<std::array<ap_uint<8>, 1ul>, 0>55' contains leftover data, which may result in RTL simulation hanging.
WARNING [HLS SIM]: hls::stream 'hls::stream<std::array<ap_uint<8>, 1ul>, 0>54' contains leftover data, which may result in RTL simulation hanging.
WARNING [HLS SIM]: hls::stream 'hls::stream<std::array<ap_uint<8>, 1ul>, 0>53' contains leftover data, which may result in RTL simulation hanging.
WARNING [HLS SIM]: hls::stream 'hls::stream<std::array<ap_uint<8>, 1ul>, 0>52' contains leftover data, which may result in RTL simulation hanging.
WARNING [HLS SIM]: hls::stream 'hls::stream<std::array<ap_uint<8>, 1ul>, 0>51' contains leftover data, which may result in RTL simulation hanging.
WARNING [HLS SIM]: hls::stream 'hls::stream<std::array<ap_uint<8>, 1ul>, 0>50' contains leftover data, which may result in RTL simulation hanging.
WARNING [HLS SIM]: hls::stream 'hls::stream<std::array<ap_uint<8>, 1ul>, 0>49' contains leftover data, which may result in RTL simulation hanging.
WARNING [HLS SIM]: hls::stream 'hls::stream<std::array<ap_uint<8>, 1ul>, 0>48' contains leftover data, which may result in RTL simulation hanging.
WARNING [HLS SIM]: hls::stream 'hls::stream<std::array<ap_uint<8>, 1ul>, 0>47' contains leftover data, which may result in RTL simulation hanging.
WARNING [HLS SIM]: hls::stream 'hls::stream<std::array<ap_uint<8>, 1ul>, 0>46' contains leftover data, which may result in RTL simulation hanging.
WARNING [HLS SIM]: hls::stream 'hls::stream<std::array<ap_uint<8>, 1ul>, 0>45' contains leftover data, which may result in RTL simulation hanging.
WARNING [HLS SIM]: hls::stream 'hls::stream<std::array<ap_uint<8>, 1ul>, 0>44' contains leftover data, which may result in RTL simulation hanging.
WARNING [HLS SIM]: hls::stream 'hls::stream<std::array<ap_uint<8>, 1ul>, 0>43' contains leftover data, which may result in RTL simulation hanging.
WARNING [HLS SIM]: hls::stream 'hls::stream<std::array<ap_uint<8>, 1ul>, 0>42' contains leftover data, which may result in RTL simulation hanging.
WARNING [HLS SIM]: hls::stream 'hls::stream<std::array<ap_uint<8>, 1ul>, 0>41' contains leftover data, which may result in RTL simulation hanging.
WARNING [HLS SIM]: hls::stream 'hls::stream<std::array<ap_uint<8>, 1ul>, 0>40' contains leftover data, which may result in RTL simulation hanging.
WARNING [HLS SIM]: hls::stream 'hls::stream<std::array<ap_uint<8>, 1ul>, 0>39' contains leftover data, which may result in RTL simulation hanging.
WARNING [HLS SIM]: hls::stream 'hls::stream<std::array<ap_uint<8>, 1ul>, 0>38' contains leftover data, which may result in RTL simulation hanging.
WARNING [HLS SIM]: hls::stream 'hls::stream<std::array<ap_uint<8>, 1ul>, 0>36' contains leftover data, which may result in RTL simulation hanging.
WARNING [HLS SIM]: hls::stream 'hls::stream<std::array<ap_uint<8>, 1ul>, 0>35' contains leftover data, which may result in RTL simulation hanging.
WARNING [HLS SIM]: hls::stream 'hls::stream<std::array<ap_uint<8>, 1ul>, 0>34' contains leftover data, which may result in RTL simulation hanging.
WARNING [HLS SIM]: hls::stream 'hls::stream<std::array<ap_uint<8>, 1ul>, 0>33' contains leftover data, which may result in RTL simulation hanging.
WARNING [HLS SIM]: hls::stream 'hls::stream<std::array<ap_uint<8>, 1ul>, 0>32' contains leftover data, which may result in RTL simulation hanging.
WARNING [HLS SIM]: hls::stream 'hls::stream<std::array<ap_uint<8>, 1ul>, 0>31' contains leftover data, which may result in RTL simulation hanging.
WARNING [HLS SIM]: hls::stream 'hls::stream<std::array<ap_uint<8>, 1ul>, 0>30' contains leftover data, which may result in RTL simulation hanging.
WARNING [HLS SIM]: hls::stream 'hls::stream<std::array<ap_uint<8>, 1ul>, 0>29' contains leftover data, which may result in RTL simulation hanging.
WARNING [HLS SIM]: hls::stream 'hls::stream<std::array<ap_uint<8>, 1ul>, 0>28' contains leftover data, which may result in RTL simulation hanging.
WARNING [HLS SIM]: hls::stream 'hls::stream<std::array<ap_uint<8>, 1ul>, 0>27' contains leftover data, which may result in RTL simulation hanging.
WARNING [HLS SIM]: hls::stream 'hls::stream<std::array<ap_uint<8>, 1ul>, 0>26' contains leftover data, which may result in RTL simulation hanging.
WARNING [HLS SIM]: hls::stream 'hls::stream<std::array<ap_uint<8>, 1ul>, 0>25' contains leftover data, which may result in RTL simulation hanging.
WARNING [HLS SIM]: hls::stream 'hls::stream<std::array<ap_uint<8>, 1ul>, 0>24' contains leftover data, which may result in RTL simulation hanging.
WARNING [HLS SIM]: hls::stream 'hls::stream<std::array<ap_uint<8>, 1ul>, 0>23' contains leftover data, which may result in RTL simulation hanging.
WARNING [HLS SIM]: hls::stream 'hls::stream<std::array<ap_uint<8>, 1ul>, 0>22' contains leftover data, which may result in RTL simulation hanging.
WARNING [HLS SIM]: hls::stream 'hls::stream<std::array<ap_uint<8>, 1ul>, 0>21' contains leftover data, which may result in RTL simulation hanging.
WARNING [HLS SIM]: hls::stream 'hls::stream<std::array<ap_uint<8>, 1ul>, 0>20' contains leftover data, which may result in RTL simulation hanging.
WARNING [HLS SIM]: hls::stream 'hls::stream<std::array<ap_uint<8>, 1ul>, 0>19' contains leftover data, which may result in RTL simulation hanging.
WARNING [HLS SIM]: hls::stream 'hls::stream<std::array<ap_uint<8>, 1ul>, 0>18' contains leftover data, which may result in RTL simulation hanging.
WARNING [HLS SIM]: hls::stream 'hls::stream<std::array<ap_uint<8>, 1ul>, 0>17' contains leftover data, which may result in RTL simulation hanging.
WARNING [HLS SIM]: hls::stream 'hls::stream<std::array<ap_uint<8>, 1ul>, 0>16' contains leftover data, which may result in RTL simulation hanging.
WARNING [HLS SIM]: hls::stream 'hls::stream<std::array<ap_uint<8>, 1ul>, 0>15' contains leftover data, which may result in RTL simulation hanging.
WARNING [HLS SIM]: hls::stream 'hls::stream<std::array<ap_uint<8>, 1ul>, 0>14' contains leftover data, which may result in RTL simulation hanging.
WARNING [HLS SIM]: hls::stream 'hls::stream<std::array<ap_uint<8>, 1ul>, 0>13' contains leftover data, which may result in RTL simulation hanging.
WARNING [HLS SIM]: hls::stream 'hls::stream<std::array<ap_uint<8>, 1ul>, 0>12' contains leftover data, which may result in RTL simulation hanging.
WARNING [HLS SIM]: hls::stream 'hls::stream<std::array<ap_int<16>, 4ul>, 0>0' contains leftover data, which may result in RTL simulation hanging.
WARNING [HLS SIM]: hls::stream 'hls::stream<std::array<ap_uint<8>, 1ul>, 0>11' contains leftover data, which may result in RTL simulation hanging.
WARNING [HLS SIM]: hls::stream 'hls::stream<std::array<ap_uint<8>, 1ul>, 0>10' contains leftover data, which may result in RTL simulation hanging.
WARNING [HLS SIM]: hls::stream 'hls::stream<std::array<ap_uint<8>, 1ul>, 0>9' contains leftover data, which may result in RTL simulation hanging.
WARNING [HLS SIM]: hls::stream 'hls::stream<std::array<ap_uint<8>, 1ul>, 0>8' contains leftover data, which may result in RTL simulation hanging.
WARNING [HLS SIM]: hls::stream 'hls::stream<std::array<ap_uint<8>, 1ul>, 0>7' contains leftover data, which may result in RTL simulation hanging.
WARNING [HLS SIM]: hls::stream 'hls::stream<std::array<ap_uint<8>, 1ul>, 0>6' contains leftover data, which may result in RTL simulation hanging.
WARNING [HLS SIM]: hls::stream 'hls::stream<std::array<ap_uint<8>, 1ul>, 0>5' contains leftover data, which may result in RTL simulation hanging.
WARNING [HLS SIM]: hls::stream 'hls::stream<std::array<ap_uint<8>, 1ul>, 0>4' contains leftover data, which may result in RTL simulation hanging.
WARNING [HLS SIM]: hls::stream 'hls::stream<std::array<ap_int<8>, 4ul>, 0>8' contains leftover data, which may result in RTL simulation hanging.
WARNING [HLS SIM]: hls::stream 'hls::stream<std::array<ap_int<8>, 4ul>, 0>7' contains leftover data, which may result in RTL simulation hanging.
WARNING [HLS SIM]: hls::stream 'hls::stream<std::array<ap_int<8>, 4ul>, 0>6' contains leftover data, which may result in RTL simulation hanging.
WARNING [HLS SIM]: hls::stream 'hls::stream<std::array<ap_int<8>, 4ul>, 0>5' contains leftover data, which may result in RTL simulation hanging.
WARNING [HLS SIM]: hls::stream 'hls::stream<std::array<ap_int<8>, 4ul>, 0>4' contains leftover data, which may result in RTL simulation hanging.
WARNING [HLS SIM]: hls::stream 'hls::stream<std::array<ap_int<8>, 4ul>, 0>3' contains leftover data, which may result in RTL simulation hanging.
WARNING [HLS SIM]: hls::stream 'hls::stream<std::array<ap_int<8>, 4ul>, 0>2' contains leftover data, which may result in RTL simulation hanging.
WARNING [HLS SIM]: hls::stream 'hls::stream<std::array<ap_int<8>, 4ul>, 0>1' contains leftover data, which may result in RTL simulation hanging.
WARNING [HLS SIM]: hls::stream 'hls::stream<std::array<ap_int<8>, 4ul>, 0>0' contains leftover data, which may result in RTL simulation hanging.
WARNING [HLS SIM]: hls::stream 'hls::stream<std::array<ap_int<16>, 1ul>, 0>0' contains leftover data, which may result in RTL simulation hanging.
WARNING [HLS SIM]: hls::stream 'hls::stream<std::array<ap_int<8>, 1ul>, 0>58' contains leftover data, which may result in RTL simulation hanging.
WARNING [HLS SIM]: hls::stream 'hls::stream<std::array<ap_int<8>, 1ul>, 0>57' contains leftover data, which may result in RTL simulation hanging.
WARNING [HLS SIM]: hls::stream 'hls::stream<std::array<ap_int<8>, 1ul>, 0>56' contains leftover data, which may result in RTL simulation hanging.
WARNING [HLS SIM]: hls::stream 'hls::stream<std::array<ap_int<8>, 1ul>, 0>55' contains leftover data, which may result in RTL simulation hanging.
WARNING [HLS SIM]: hls::stream 'hls::stream<std::array<ap_int<8>, 1ul>, 0>54' contains leftover data, which may result in RTL simulation hanging.
WARNING [HLS SIM]: hls::stream 'hls::stream<std::array<ap_int<8>, 1ul>, 0>53' contains leftover data, which may result in RTL simulation hanging.
WARNING [HLS SIM]: hls::stream 'hls::stream<std::array<ap_int<8>, 1ul>, 0>52' contains leftover data, which may result in RTL simulation hanging.
WARNING [HLS SIM]: hls::stream 'hls::stream<std::array<ap_int<8>, 1ul>, 0>51' contains leftover data, which may result in RTL simulation hanging.
WARNING [HLS SIM]: hls::stream 'hls::stream<std::array<ap_int<8>, 1ul>, 0>50' contains leftover data, which may result in RTL simulation hanging.
WARNING [HLS SIM]: hls::stream 'hls::stream<std::array<ap_int<8>, 1ul>, 0>49' contains leftover data, which may result in RTL simulation hanging.
WARNING [HLS SIM]: hls::stream 'hls::stream<std::array<ap_int<8>, 1ul>, 0>48' contains leftover data, which may result in RTL simulation hanging.
WARNING [HLS SIM]: hls::stream 'hls::stream<std::array<ap_int<8>, 1ul>, 0>47' contains leftover data, which may result in RTL simulation hanging.
WARNING [HLS SIM]: hls::stream 'hls::stream<std::array<ap_int<8>, 1ul>, 0>46' contains leftover data, which may result in RTL simulation hanging.
WARNING [HLS SIM]: hls::stream 'hls::stream<std::array<ap_int<8>, 1ul>, 0>45' contains leftover data, which may result in RTL simulation hanging.
WARNING [HLS SIM]: hls::stream 'hls::stream<std::array<ap_int<8>, 1ul>, 0>44' contains leftover data, which may result in RTL simulation hanging.
WARNING [HLS SIM]: hls::stream 'hls::stream<std::array<ap_int<8>, 1ul>, 0>43' contains leftover data, which may result in RTL simulation hanging.
WARNING [HLS SIM]: hls::stream 'hls::stream<std::array<ap_int<8>, 1ul>, 0>42' contains leftover data, which may result in RTL simulation hanging.
WARNING [HLS SIM]: hls::stream 'hls::stream<std::array<ap_int<8>, 1ul>, 0>41' contains leftover data, which may result in RTL simulation hanging.
WARNING [HLS SIM]: hls::stream 'hls::stream<std::array<ap_int<8>, 1ul>, 0>40' contains leftover data, which may result in RTL simulation hanging.
WARNING [HLS SIM]: hls::stream 'hls::stream<std::array<ap_int<8>, 1ul>, 0>39' contains leftover data, which may result in RTL simulation hanging.
WARNING [HLS SIM]: hls::stream 'hls::stream<std::array<ap_int<8>, 1ul>, 0>37' contains leftover data, which may result in RTL simulation hanging.
WARNING [HLS SIM]: hls::stream 'hls::stream<std::array<ap_int<8>, 1ul>, 0>36' contains leftover data, which may result in RTL simulation hanging.
WARNING [HLS SIM]: hls::stream 'hls::stream<std::array<ap_int<8>, 1ul>, 0>35' contains leftover data, which may result in RTL simulation hanging.
WARNING [HLS SIM]: hls::stream 'hls::stream<std::array<ap_int<8>, 1ul>, 0>34' contains leftover data, which may result in RTL simulation hanging.
WARNING [HLS SIM]: hls::stream 'hls::stream<std::array<ap_int<8>, 1ul>, 0>33' contains leftover data, which may result in RTL simulation hanging.
WARNING [HLS SIM]: hls::stream 'hls::stream<std::array<ap_int<8>, 1ul>, 0>32' contains leftover data, which may result in RTL simulation hanging.
WARNING [HLS SIM]: hls::stream 'hls::stream<std::array<ap_int<8>, 1ul>, 0>31' contains leftover data, which may result in RTL simulation hanging.
WARNING [HLS SIM]: hls::stream 'hls::stream<std::array<ap_int<8>, 1ul>, 0>30' contains leftover data, which may result in RTL simulation hanging.
WARNING [HLS SIM]: hls::stream 'hls::stream<std::array<ap_int<8>, 1ul>, 0>29' contains leftover data, which may result in RTL simulation hanging.
WARNING [HLS SIM]: hls::stream 'hls::stream<std::array<ap_int<8>, 1ul>, 0>28' contains leftover data, which may result in RTL simulation hanging.
WARNING [HLS SIM]: hls::stream 'hls::stream<std::array<ap_int<8>, 1ul>, 0>27' contains leftover data, which may result in RTL simulation hanging.
WARNING [HLS SIM]: hls::stream 'hls::stream<std::array<ap_int<8>, 1ul>, 0>26' contains leftover data, which may result in RTL simulation hanging.
WARNING [HLS SIM]: hls::stream 'hls::stream<std::array<ap_int<8>, 1ul>, 0>25' contains leftover data, which may result in RTL simulation hanging.
WARNING [HLS SIM]: hls::stream 'hls::stream<std::array<ap_int<8>, 1ul>, 0>24' contains leftover data, which may result in RTL simulation hanging.
WARNING [HLS SIM]: hls::stream 'hls::stream<std::array<ap_int<8>, 1ul>, 0>23' contains leftover data, which may result in RTL simulation hanging.
WARNING [HLS SIM]: hls::stream 'hls::stream<std::array<ap_int<8>, 1ul>, 0>22' contains leftover data, which may result in RTL simulation hanging.
WARNING [HLS SIM]: hls::stream 'hls::stream<std::array<ap_int<8>, 1ul>, 0>21' contains leftover data, which may result in RTL simulation hanging.
WARNING [HLS SIM]: hls::stream 'hls::stream<std::array<ap_int<8>, 1ul>, 0>20' contains leftover data, which may result in RTL simulation hanging.
WARNING [HLS SIM]: hls::stream 'hls::stream<std::array<ap_int<8>, 1ul>, 0>19' contains leftover data, which may result in RTL simulation hanging.
WARNING [HLS SIM]: hls::stream 'hls::stream<std::array<ap_int<8>, 1ul>, 0>18' contains leftover data, which may result in RTL simulation hanging.
WARNING [HLS SIM]: hls::stream 'hls::stream<std::array<ap_int<8>, 1ul>, 0>17' contains leftover data, which may result in RTL simulation hanging.
WARNING [HLS SIM]: hls::stream 'hls::stream<std::array<ap_int<8>, 1ul>, 0>16' contains leftover data, which may result in RTL simulation hanging.
WARNING [HLS SIM]: hls::stream 'hls::stream<std::array<ap_int<8>, 1ul>, 0>15' contains leftover data, which may result in RTL simulation hanging.
WARNING [HLS SIM]: hls::stream 'hls::stream<std::array<ap_int<8>, 1ul>, 0>14' contains leftover data, which may result in RTL simulation hanging.
WARNING [HLS SIM]: hls::stream 'hls::stream<std::array<ap_int<8>, 1ul>, 0>13' contains leftover data, which may result in RTL simulation hanging.
WARNING [HLS SIM]: hls::stream 'hls::stream<std::array<ap_int<8>, 1ul>, 0>12' contains leftover data, which may result in RTL simulation hanging.
WARNING [HLS SIM]: hls::stream 'hls::stream<std::array<ap_int<8>, 1ul>, 0>11' contains leftover data, which may result in RTL simulation hanging.
WARNING [HLS SIM]: hls::stream 'hls::stream<std::array<ap_int<8>, 1ul>, 0>10' contains leftover data, which may result in RTL simulation hanging.
WARNING [HLS SIM]: hls::stream 'hls::stream<std::array<ap_int<8>, 1ul>, 0>9' contains leftover data, which may result in RTL simulation hanging.
WARNING [HLS SIM]: hls::stream 'hls::stream<std::array<ap_int<8>, 1ul>, 0>8' contains leftover data, which may result in RTL simulation hanging.
WARNING [HLS SIM]: hls::stream 'hls::stream<std::array<ap_int<8>, 1ul>, 0>7' contains leftover data, which may result in RTL simulation hanging.
WARNING [HLS SIM]: hls::stream 'hls::stream<std::array<ap_int<8>, 1ul>, 0>6' contains leftover data, which may result in RTL simulation hanging.
WARNING [HLS SIM]: hls::stream 'hls::stream<std::array<ap_int<8>, 1ul>, 0>5' contains leftover data, which may result in RTL simulation hanging.
WARNING [HLS SIM]: hls::stream 'hls::stream<std::array<ap_int<8>, 1ul>, 0>4' contains leftover data, which may result in RTL simulation hanging.
WARNING [HLS SIM]: hls::stream 'hls::stream<std::array<ap_int<8>, 1ul>, 0>3' contains leftover data, which may result in RTL simulation hanging.
WARNING [HLS SIM]: hls::stream 'hls::stream<std::array<ap_int<8>, 1ul>, 0>2' contains leftover data, which may result in RTL simulation hanging.
WARNING [HLS SIM]: hls::stream 'hls::stream<std::array<ap_int<8>, 1ul>, 0>1' contains leftover data, which may result in RTL simulation hanging.
WARNING [HLS SIM]: hls::stream 'hls::stream<std::array<ap_int<8>, 1ul>, 0>0' contains leftover data, which may result in RTL simulation hanging.
INFO [HLS SIM]: The maximum depth reached by any hls::stream() instance in the design is 640
INFO: [SIM 211-1] CSim done with 0 errors.
INFO: [SIM 211-3] *************** CSIM finish ***************
INFO: [HLS 200-111] Finished Command csim_design CPU user time: 44.15 seconds. CPU system time: 2.01 seconds. Elapsed time: 46.26 seconds; current allocated memory: 0.031 MB.
INFO: [HLS 200-112] Total CPU user time: 45.13 seconds. Total CPU system time: 2.3 seconds. Total elapsed time: 48.22 seconds; peak allocated memory: 271.203 MB.
INFO: [Common 17-206] Exiting vitis_hls at Wed Jul 29 06:52:01 2026...
